// Jest Snapshot v1, https://goo.gl/fbAQLP

exports[`Button renders correctly 1`] = `
<button
  class="sc-bwzfXH ewGTLq"
  type="button"
>
  Primary Button
</button>
`;
