// Jest Snapshot v1, https://goo.gl/fbAQLP

exports[`Radio renders correctly 1`] = `
<label
  class="sc-bdVaJa hKAetY"
>
  <input
    name="testRadio"
    type="radio"
    value="1"
  />
  <span
    class="sc-bwzfXH drzoWa"
  >
    Test radio
  </span>
</label>
`;
